SQL> SET PAGESIZE 20;
SQL> SET LINESIZE 180;
SQL> SELECT * FROM DEPT;

    DEPTNO DNAME          LOC                                                                                                                                                       
---------- -------------- -------------                                                                                                                                             
        10 ACCOUNTING     NEW YORK                                                                                                                                                  
        20 RESEARCH       DALLAS                                                                                                                                                    
        30 SALES          CHICAGO                                                                                                                                                   
        40 OPERATIONS     BOSTON                                                                                                                                                    

SQL> SELECT* FROM TAB;

TNAME                          TABTYPE  CLUSTERID                                                                                                                                   
------------------------------ ------- ----------                                                                                                                                   
DEPT                           TABLE                                                                                                                                                
EMP                            TABLE                                                                                                                                                
BONUS                          TABLE                                                                                                                                                
SALGRADE                       TABLE                                                                                                                                                
BIN$lB9C6s/qSK6uLCOCwgrRcw==$0 TABLE                                                                                                                                                
BIN$Nxg9NXmASQWceLI8/yyBcQ==$0 TABLE                                                                                                                                                
AUTHOR                         TABLE                                                                                                                                                
BOOK                           TABLE                                                                                                                                                
STUDENTDATA                    TABLE                                                                                                                                                
VACCINE                        TABLE                                                                                                                                                
PEOPLE                         TABLE                                                                                                                                                
BIN$uqdVvfbSSFWnrx8XSzhhqg==$0 TABLE                                                                                                                                                
COURSE3                        TABLE                                                                                                                                                

13 rows selected.

SQL> SELECT ENAME, LOC FROM DEPT;
SELECT ENAME, LOC FROM DEPT
       *
ERROR at line 1:
ORA-00904: "ENAME": invalid identifier 


SQL> SELECT ENAME, JOB FROM EMP;

ENAME      JOB                                                                                                                                                                      
---------- ---------                                                                                                                                                                
SMITH      CLERK                                                                                                                                                                    
ALLEN      SALESMAN                                                                                                                                                                 
WARD       SALESMAN                                                                                                                                                                 
JONES      MANAGER                                                                                                                                                                  
MARTIN     SALESMAN                                                                                                                                                                 
BLAKE      MANAGER                                                                                                                                                                  
CLARK      MANAGER                                                                                                                                                                  
SCOTT      ANALYST                                                                                                                                                                  
KING       PRESIDENT                                                                                                                                                                
TURNER     SALESMAN                                                                                                                                                                 
ADAMS      CLERK                                                                                                                                                                    
JAMES      CLERK                                                                                                                                                                    
FORD       ANALYST                                                                                                                                                                  
MILLER     CLERK                                                                                                                                                                    

14 rows selected.

SQL> SELECT DISTINCT JOB FROM EMP;

JOB                                                                                                                                                                                 
---------                                                                                                                                                                           
CLERK                                                                                                                                                                               
SALESMAN                                                                                                                                                                            
PRESIDENT                                                                                                                                                                           
MANAGER                                                                                                                                                                             
ANALYST                                                                                                                                                                             

SQL> SELECT * FROM EMP WHERE ENAME ='SMITH';

     EMPNO ENAME      JOB              MGR HIREDATE         SAL       COMM     DEPTNO                                                                                               
---------- ---------- --------- ---------- --------- ---------- ---------- ----------                                                                                               
      7369 SMITH      CLERK           7902 17-DEC-80        800                    20                                                                                               

SQL> SELECT * FROM EMP;

     EMPNO ENAME      JOB              MGR HIREDATE         SAL       COMM     DEPTNO                                                                                               
---------- ---------- --------- ---------- --------- ---------- ---------- ----------                                                                                               
      7369 SMITH      CLERK           7902 17-DEC-80        800                    20                                                                                               
      7499 ALLEN      SALESMAN        7698 20-FEB-81       1600        300         30                                                                                               
      7521 WARD       SALESMAN        7698 22-FEB-81       1250        500         30                                                                                               
      7566 JONES      MANAGER         7839 02-APR-81       2975                    20                                                                                               
      7654 MARTIN     SALESMAN        7698 28-SEP-81       1250       1400         30                                                                                               
      7698 BLAKE      MANAGER         7839 01-MAY-81       2850                    30                                                                                               
      7782 CLARK      MANAGER         7839 09-JUN-81       2450                    10                                                                                               
      7788 SCOTT      ANALYST         7566 19-APR-87       3000                    20                                                                                               
      7839 KING       PRESIDENT            17-NOV-81       5000                    10                                                                                               
      7844 TURNER     SALESMAN        7698 08-SEP-81       1500          0         30                                                                                               
      7876 ADAMS      CLERK           7788 23-MAY-87       1100                    20                                                                                               
      7900 JAMES      CLERK           7698 03-DEC-81        950                    30                                                                                               
      7902 FORD       ANALYST         7566 03-DEC-81       3000                    20                                                                                               
      7934 MILLER     CLERK           7782 23-JAN-82       1300                    10                                                                                               

14 rows selected.

SQL> SELECT EMPNO, ENAME, JOB FROM EMP WHERE JOB='SALESMAN';

     EMPNO ENAME      JOB                                                                                                                                                           
---------- ---------- ---------                                                                                                                                                     
      7499 ALLEN      SALESMAN                                                                                                                                                      
      7521 WARD       SALESMAN                                                                                                                                                      
      7654 MARTIN     SALESMAN                                                                                                                                                      
      7844 TURNER     SALESMAN                                                                                                                                                      

SQL> SELECT * FROM DEPT WHERE LOC='NEWYORK';

no rows selected

SQL> SELECT * FROM DEPT WHERE LOC='NEW YORK;
ERROR:
ORA-01756: quoted string not properly terminated 


SQL> SELECT * FROM DEPT WHERE LOC='NEW YORK';

    DEPTNO DNAME          LOC                                                                                                                                                       
---------- -------------- -------------                                                                                                                                             
        10 ACCOUNTING     NEW YORK                                                                                                                                                  

SQL> SELECT * FROM DEPT WHERE DNAME='SALES';

    DEPTNO DNAME          LOC                                                                                                                                                       
---------- -------------- -------------                                                                                                                                             
        30 SALES          CHICAGO                                                                                                                                                   

SQL> SELECT ENAME, MGR, JOB, SAL FROM EMP WHERE SAL<=3000;

ENAME             MGR JOB              SAL                                                                                                                                          
---------- ---------- --------- ----------                                                                                                                                          
SMITH            7902 CLERK            800                                                                                                                                          
ALLEN            7698 SALESMAN        1600                                                                                                                                          
WARD             7698 SALESMAN        1250                                                                                                                                          
JONES            7839 MANAGER         2975                                                                                                                                          
MARTIN           7698 SALESMAN        1250                                                                                                                                          
BLAKE            7839 MANAGER         2850                                                                                                                                          
CLARK            7839 MANAGER         2450                                                                                                                                          
SCOTT            7566 ANALYST         3000                                                                                                                                          
TURNER           7698 SALESMAN        1500                                                                                                                                          
ADAMS            7788 CLERK           1100                                                                                                                                          
JAMES            7698 CLERK            950                                                                                                                                          
FORD             7566 ANALYST         3000                                                                                                                                          
MILLER           7782 CLERK           1300                                                                                                                                          

13 rows selected.

SQL> SPOOL OFF
